[    0.000000] Booting Linux on physical CPU 0x0000000000 [0x410fd034]
[    0.000000] Linux version 5.1.10-dirty (vboxuser@Ubuntu) (gcc version 9.2.1 20191025 (GNU Toolchain for the A-profile Architecture 9.2-2019.12 (arm-9.10))) #1 SMP PREEMPT Wed Dec 20 21:53:23 IST 2023
[    0.000000] Machine model: linux,dummy-virt
[    0.000000] efi: Getting EFI parameters from FDT:
[    0.000000] efi: UEFI not found.
[    0.000000] cma: Reserved 32 MiB at 0x000000004e000000
[    0.000000] NUMA: No NUMA configuration found
[    0.000000] NUMA: Faking a node at [mem 0x0000000040000000-0x000000004fffffff]
[    0.000000] NUMA: NODE_DATA [mem 0x4df72840-0x4df73fff]
[    0.000000] Zone ranges:
[    0.000000]   DMA32    [mem 0x0000000040000000-0x000000004fffffff]
[    0.000000]   Normal   empty
[    0.000000] Movable zone start for each node
[    0.000000] Early memory node ranges
[    0.000000]   node   0: [mem 0x0000000040000000-0x000000004fffffff]
[    0.000000] Initmem setup node 0 [mem 0x0000000040000000-0x000000004fffffff]
[    0.000000] psci: probing for conduit method from DT.
[    0.000000] psci: PSCIv0.2 detected in firmware.
[    0.000000] psci: Using standard PSCI v0.2 function IDs
[    0.000000] psci: Trusted OS migration not required
[    0.000000] random: get_random_bytes called from start_kernel+0xa4/0x460 with crng_init=0
[    0.000000] percpu: Embedded 23 pages/cpu s56664 r8192 d29352 u94208
[    0.000000] Detected VIPT I-cache on CPU0
[    0.000000] CPU features: detected: ARM erratum 845719
[    0.000000] CPU features: detected: ARM erratum 843419
[    0.000000] Built 1 zonelists, mobility grouping on.  Total pages: 64512
[    0.000000] Policy zone: DMA32
[    0.000000] Kernel command line: rdinit=/home/autorun-qemu.sh console=ttyAMA0
[    0.000000] Memory: 183012K/262144K available (11068K kernel code, 1714K rwdata, 5584K rodata, 1408K init, 444K bss, 46364K reserved, 32768K cma-reserved)
[    0.000000] SLUB: HWalign=64, Order=0-3, MinObjects=0, CPUs=1, Nodes=1
[    0.000000] rcu: Preemptible hierarchical RCU implementation.
[    0.000000] rcu: 	RCU restricting CPUs from NR_CPUS=256 to nr_cpu_ids=1.
[    0.000000] 	Tasks RCU enabled.
[    0.000000] rcu: RCU calculated value of scheduler-enlistment delay is 25 jiffies.
[    0.000000] rcu: Adjusting geometry for rcu_fanout_leaf=16, nr_cpu_ids=1
[    0.000000] NR_IRQS: 64, nr_irqs: 64, preallocated irqs: 0
[    0.000000] GICv2m: range[mem 0x08020000-0x08020fff], SPI[80:143]
[    0.000000] arch_timer: cp15 timer(s) running at 62.50MHz (virt).
[    0.000000] clocksource: arch_sys_counter: mask: 0xffffffffffffff max_cycles: 0x1cd42e208c, max_idle_ns: 881590405314 ns
[    0.000119] sched_clock: 56 bits at 62MHz, resolution 16ns, wraps every 4398046511096ns
[    0.008216] Console: colour dummy device 80x25
[    0.010671] Calibrating delay loop (skipped), value calculated using timer frequency.. 125.00 BogoMIPS (lpj=250000)
[    0.010832] pid_max: default: 32768 minimum: 301
[    0.012139] LSM: Security Framework initializing
[    0.014157] Dentry cache hash table entries: 32768 (order: 6, 262144 bytes)
[    0.014485] Inode-cache hash table entries: 16384 (order: 5, 131072 bytes)
[    0.014727] Mount-cache hash table entries: 512 (order: 0, 4096 bytes)
[    0.014800] Mountpoint-cache hash table entries: 512 (order: 0, 4096 bytes)
[    0.029079] *** VALIDATE proc ***
[    0.033785] *** VALIDATE cgroup1 ***
[    0.033820] *** VALIDATE cgroup2 ***
[    0.047806] /cpus/cpu-map: empty cluster
[    0.074728] ASID allocator initialised with 32768 entries
[    0.082684] rcu: Hierarchical SRCU implementation.
[    0.095873] EFI services will not be available.
[    0.103055] smp: Bringing up secondary CPUs ...
[    0.103152] smp: Brought up 1 node, 1 CPU
[    0.103191] SMP: Total of 1 processors activated.
[    0.103285] CPU features: detected: 32-bit EL0 Support
[    0.103379] CPU features: detected: CRC32 instructions
[    0.106718] CPU: All CPU(s) started at EL1
[    0.106884] alternatives: patching kernel code
[    0.130589] devtmpfs: initialized
[    0.146773] clocksource: jiffies: mask: 0xffffffff max_cycles: 0xffffffff, max_idle_ns: 7645041785100000 ns
[    0.146971] futex hash table entries: 256 (order: 2, 16384 bytes)
[    0.158836] pinctrl core: initialized pinctrl subsystem
[    0.187439] DMI not present or invalid.
[    0.196474] NET: Registered protocol family 16
[    0.199092] audit: initializing netlink subsys (disabled)
[    0.202760] audit: type=2000 audit(0.168:1): state=initialized audit_enabled=0 res=1
[    0.222578] cpuidle: using governor menu
[    0.226698] vdso: 2 pages (1 code @ (____ptrval____), 1 data @ (____ptrval____))
[    0.226959] hw-breakpoint: found 6 breakpoint and 4 watchpoint registers.
[    0.240506] DMA: preallocated 256 KiB pool for atomic allocations
[    0.256874] Serial: AMBA PL011 UART driver
[    0.310283] 9000000.pl011: ttyAMA0 at MMIO 0x9000000 (irq = 39, base_baud = 0) is a PL011 rev1
[    0.677011] printk: console [ttyAMA0] enabled
[    0.846651] HugeTLB registered 1.00 GiB page size, pre-allocated 0 pages
[    0.851925] HugeTLB registered 32.0 MiB page size, pre-allocated 0 pages
[    0.856235] HugeTLB registered 2.00 MiB page size, pre-allocated 0 pages
[    0.868513] HugeTLB registered 64.0 KiB page size, pre-allocated 0 pages
[    0.885157] cryptd: max_cpu_qlen set to 1000
[    0.898154] ACPI: Interpreter disabled.
[    0.941608] vgaarb: loaded
[    0.946282] SCSI subsystem initialized
[    0.978118] usbcore: registered new interface driver usbfs
[    0.985891] usbcore: registered new interface driver hub
[    0.990626] usbcore: registered new device driver usb
[    1.007154] pps_core: LinuxPPS API ver. 1 registered
[    1.015094] pps_core: Software ver. 5.3.6 - Copyright 2005-2007 Rodolfo Giometti <giometti@linux.it>
[    1.021985] PTP clock support registered
[    1.025843] EDAC MC: Ver: 3.0.0
[    1.053632] Advanced Linux Sound Architecture Driver Initialized.
[    1.084192] clocksource: Switched to clocksource arch_sys_counter
[    1.090883] VFS: Disk quotas dquot_6.6.0
[    1.102449] VFS: Dquot-cache hash table entries: 512 (order 0, 4096 bytes)
[    1.110588] *** VALIDATE hugetlbfs ***
[    1.114440] pnp: PnP ACPI: disabled
[    1.209793] NET: Registered protocol family 2
[    1.219771] tcp_listen_portaddr_hash hash table entries: 256 (order: 0, 4096 bytes)
[    1.233808] TCP established hash table entries: 2048 (order: 2, 16384 bytes)
[    1.239539] TCP bind hash table entries: 2048 (order: 3, 32768 bytes)
[    1.244944] TCP: Hash tables configured (established 2048 bind 2048)
[    1.255367] UDP hash table entries: 256 (order: 1, 8192 bytes)
[    1.262796] UDP-Lite hash table entries: 256 (order: 1, 8192 bytes)
[    1.274138] NET: Registered protocol family 1
[    1.293721] RPC: Registered named UNIX socket transport module.
[    1.300365] RPC: Registered udp transport module.
[    1.305073] RPC: Registered tcp transport module.
[    1.308754] RPC: Registered tcp NFSv4.1 backchannel transport module.
[    1.324853] Unpacking initramfs...
[    2.687647] Freeing initrd memory: 7420K
[    2.694084] hw perfevents: enabled with armv8_pmuv3 PMU driver, 5 counters available
[    2.708425] kvm [1]: HYP mode not available
[    3.683476] Initialise system trusted keyrings
[    3.690833] workingset: timestamp_bits=44 max_order=16 bucket_order=0
[    3.796318] squashfs: version 4.0 (2009/01/31) Phillip Lougher
[    3.815171] NFS: Registering the id_resolver key type
[    3.826042] Key type id_resolver registered
[    3.829252] Key type id_legacy registered
[    3.834112] nfs4filelayout_init: NFSv4 File Layout Driver Registering...
[    3.843338] 9p: Installing v9fs 9p2000 file system support
[    4.627834] Key type asymmetric registered
[    4.631068] Asymmetric key parser 'x509' registered
[    4.634916] Block layer SCSI generic (bsg) driver version 0.4 loaded (major 245)
[    4.647092] io scheduler mq-deadline registered
[    4.654533] io scheduler kyber registered
[    4.752347] pl061_gpio 9030000.pl061: PL061 GPIO chip @0x0000000009030000 registered
[    4.767857] pci-host-generic 4010000000.pcie: host bridge /pcie@10000000 ranges:
[    4.797873] pci-host-generic 4010000000.pcie:    IO 0x3eff0000..0x3effffff -> 0x00000000
[    4.811285] pci-host-generic 4010000000.pcie:   MEM 0x10000000..0x3efeffff -> 0x10000000
[    4.816809] pci-host-generic 4010000000.pcie:   MEM 0x8000000000..0xffffffffff -> 0x8000000000
[    4.825833] pci-host-generic 4010000000.pcie: ECAM at [mem 0x4010000000-0x401fffffff] for [bus 00-ff]
[    4.838454] pci-host-generic 4010000000.pcie: PCI host bridge to bus 0000:00
[    4.849733] pci_bus 0000:00: root bus resource [bus 00-ff]
[    4.853922] pci_bus 0000:00: root bus resource [io  0x0000-0xffff]
[    4.858084] pci_bus 0000:00: root bus resource [mem 0x10000000-0x3efeffff]
[    4.867146] pci_bus 0000:00: root bus resource [mem 0x8000000000-0xffffffffff]
[    4.897776] pci 0000:00:01.0: BAR 6: assigned [mem 0x10000000-0x1007ffff pref]
[    4.910439] pci 0000:00:01.0: BAR 4: assigned [mem 0x8000000000-0x8000003fff 64bit pref]
[    4.916150] pci 0000:00:01.0: BAR 1: assigned [mem 0x10080000-0x10080fff]
[    4.924529] pci 0000:00:01.0: BAR 0: assigned [io  0x1000-0x101f]
[    4.967431] EINJ: ACPI disabled.
[    5.060652] virtio-pci 0000:00:01.0: enabling device (0000 -> 0003)
[    5.127965] Serial: 8250/16550 driver, 4 ports, IRQ sharing enabled
[    5.171018] SuperH (H)SCI(F) driver initialized
[    5.178542] msm_serial: driver initialized
[    5.199040] cacheinfo: Unable to detect cache hierarchy for CPU 0
[    5.287171] loop: module loaded
[    5.354299] libphy: Fixed MDIO Bus: probed
[    5.360915] tun: Universal TUN/TAP device driver, 1.6
[    5.399073] thunder_xcv, ver 1.0
[    5.414677] thunder_bgx, ver 1.0
[    5.417526] nicpf, ver 1.0
[    5.429312] hclge is initializing
[    5.431585] hns3: Hisilicon Ethernet Network Driver for Hip08 Family - version
[    5.442985] hns3: Copyright (c) 2017 Huawei Corporation.
[    5.447196] e1000e: Intel(R) PRO/1000 Network Driver - 3.2.6-k
[    5.451325] e1000e: Copyright(c) 1999 - 2015 Intel Corporation.
[    5.458378] igb: Intel(R) Gigabit Ethernet Network Driver - version 5.6.0-k
[    5.464421] igb: Copyright (c) 2007-2014 Intel Corporation.
[    5.471547] igbvf: Intel(R) Gigabit Virtual Function Network Driver - version 2.4.0-k
[    5.481644] igbvf: Copyright (c) 2009 - 2012 Intel Corporation.
[    5.488148] sky2: driver version 1.30
[    5.508617] VFIO - User Level meta-driver version: 0.3
[    5.531401] ehci_hcd: USB 2.0 'Enhanced' Host Controller (EHCI) Driver
[    5.542622] ehci-pci: EHCI PCI platform driver
[    5.547514] ehci-platform: EHCI generic platform driver
[    5.555794] ehci-orion: EHCI orion driver
[    5.560918] ehci-exynos: EHCI EXYNOS driver
[    5.567270] ohci_hcd: USB 1.1 'Open' Host Controller (OHCI) Driver
[    5.576062] ohci-pci: OHCI PCI platform driver
[    5.580803] ohci-platform: OHCI generic platform driver
[    5.588550] ohci-exynos: OHCI EXYNOS driver
[    5.599143] usbcore: registered new interface driver usb-storage
[    5.656100] rtc-pl031 9010000.pl031: registered as rtc0
[    5.663959] i2c /dev entries driver
[    5.728582] sdhci: Secure Digital Host Controller Interface driver
[    5.733599] sdhci: Copyright(c) Pierre Ossman
[    5.738912] Synopsys Designware Multimedia Card Interface Driver
[    5.789372] sdhci-pltfm: SDHCI platform and OF driver helper
[    5.816039] ledtrig-cpu: registered to indicate activity on CPUs
[    5.846881] usbcore: registered new interface driver usbhid
[    5.851794] usbhid: USB HID core driver
[    5.890061] NET: Registered protocol family 17
[    5.895120] 9pnet: Installing 9P2000 support
[    5.898619] Key type dns_resolver registered
[    5.915852] registered taskstats version 1
[    5.925590] Loading compiled-in X.509 certificates
[    5.958860] input: gpio-keys as /devices/platform/gpio-keys/input/input0
[    5.977538] rtc-pl031 9010000.pl031: setting system clock to 2023-12-20T19:42:02 UTC (1703101322)
[    5.994653] ALSA device list:
[    6.002611]   No soundcards found.
[    6.008373] uart-pl011 9000000.pl011: no DMA platform data
[    6.084322] Freeing unused kernel memory: 1408K
[    6.088569] Run /home/autorun-qemu.sh as init process
Running test script
Using default value AELD_IS_FUN for string to write
Using default value 10 for number of files to write
Writing 10 files containing string AELD_IS_FUN to /tmp/aeld-data
/tmp/aeld-data created
The number of files are 10 and the number of matching lines are 10
success
Completed with success!!
finder-app execution complete, dropping to terminal
